4933 labels already on disk (item-level cache)
  selection: 240 -> 20 mentions over 5 whole threads
marketing-automation: 20 (document x brand) pairs · 20 cached · 0 to classify in 0 batches
  -> 20 scored · pos 4 neg 2 neu 14 abstain 0 · N_op 6 · entity-rejected 0

  selection: 173 -> 10 mentions over 6 whole threads
note-taking: 10 (document x brand) pairs · 10 cached · 0 to classify in 0 batches
  -> 10 scored · pos 2 neg 4 neu 4 abstain 0 · N_op 6 · entity-rejected 0

  selection: 153 -> 18 mentions over 10 whole threads
team-chat: 18 (document x brand) pairs · 18 cached · 0 to classify in 0 batches
  -> 18 scored · pos 4 neg 2 neu 12 abstain 0 · N_op 6 · entity-rejected 0

  selection: 92 -> 46 mentions over 17 whole threads
recruiting: 46 (document x brand) pairs · 44 cached · 2 to classify in 1 batches
  1/1 batches · 46 labelled
  -> 45 scored · pos 5 neg 21 neu 19 abstain 0 · N_op 26 · entity-rejected 1

  selection: 240 -> 100 mentions over 11 whole threads
accounting: 100 (document x brand) pairs · 96 cached · 4 to classify in 1 batches
  1/1 batches · 100 labelled
  -> 95 scored · pos 37 neg 38 neu 20 abstain 0 · N_op 75 · entity-rejected 5

  selection: 520 -> 5 mentions over 1 whole threads
payment-processing: 5 (document x brand) pairs · 0 cached · 5 to classify in 1 batches
  1/1 batches · 5 labelled
  -> 5 scored · pos 0 neg 0 neu 0 abstain 5 · N_op 0 · entity-rejected 0

  selection: 290 -> 119 mentions over 33 whole threads
ecommerce: 119 (document x brand) pairs · 110 cached · 9 to classify in 1 batches
  1/1 batches · 119 labelled
  -> 118 scored · pos 23 neg 30 neu 65 abstain 0 · N_op 53 · entity-rejected 1

  selection: 313 -> 120 mentions over 19 whole threads
payroll: 120 (document x brand) pairs · 58 cached · 62 to classify in 1 batches
  1/1 batches · 120 labelled
  -> 119 scored · pos 25 neg 47 neu 47 abstain 0 · N_op 72 · entity-rejected 1

  selection: 533 -> 281 mentions over 27 whole threads
video-editing: 281 (document x brand) pairs · 163 cached · 118 to classify in 2 batches
  2/2 batches · 274 labelled
  -> 281 scored · pos 81 neg 79 neu 97 abstain 24 · N_op 160 · entity-rejected 0

  selection: 459 -> 147 mentions over 19 whole threads
email-marketing: 147 (document x brand) pairs · 25 cached · 122 to classify in 2 batches
